// Jest Snapshot v1, https://goo.gl/fbAQLP

exports[`Entity should render correctly 1`] = `
<div>
  <div
    class="navbar"
  >
    <a
      href="./"
      style="background: transparent; color: rgb(245, 243, 245); text-decoration: none; display: flex;"
    >
      <header
        class="title"
        style="font-size: 2rem;"
      >
        R
        <span>
          une
        </span>
        <span
          class="titleAlt"
        >
          M
          <span>
            arkers
          </span>
        </span>
      </header>
    </a>
    <a
      class="navbarLink"
      href="/tags"
    >
      Rune
      <span>
        Tags
      </span>
    </a>
  </div>
  <div
    class="container"
  >
    <div
      class="innerListContainer"
    >
      <div
        class="card"
      >
        <a
          class="imageContainer"
          href="/AbyssalSire"
        >
          <img
            alt="Abyssal Sire image"
            class="image"
            data-nimg="1"
            decoding="async"
            height="100"
            loading="lazy"
            src="/_next/image?url=https%3A%2F%2Foldschool.runescape.wiki%2Fimages%2Fthumb%2FAbyssal_Sire.png%2F200px-Abyssal_Sire.png&w=256&q=75"
            srcset="/_next/image?url=https%3A%2F%2Foldschool.runescape.wiki%2Fimages%2Fthumb%2FAbyssal_Sire.png%2F200px-Abyssal_Sire.png&w=128&q=75 1x, /_next/image?url=https%3A%2F%2Foldschool.runescape.wiki%2Fimages%2Fthumb%2FAbyssal_Sire.png%2F200px-Abyssal_Sire.png&w=256&q=75 2x"
            style="color: transparent; opacity: 0;"
            width="100"
          />
        </a>
        <div
          class="cardData"
        >
          <div
            class="entityInfo"
          >
            <a
              class="name"
              href="/AbyssalSire"
            >
              Abyssal Sire
            </a>
          </div>
          <div>
            <p
              class="tileCount"
            >
              1
               tile markers
            </p>
            <div
              class="tileInteraction"
            >
              <button
                class="button button"
              >
                Copy
                <div
                  class="animBar "
                />
              </button>
            </div>
          </div>
        </div>
      </div>
      <div
        class="linkContainer"
      >
        <a
          class="link"
          href="https://runelite.net/tile/show/#W3sicmVnaW9uSWQiOjExODUwLCJyZWdpb25YIjoyNSwicmVnaW9uWSI6MzQsInoiOjAsImNvbG9yIjoiI0ZGRkZGRjAwIn1d"
          rel="noopener noreferrer"
          target="_blank"
        >
          View Map on RuneLite
        </a>
        <a
          class="link"
          href="https://oldschool.runescape.wiki/w/Abyssal_Sire"
          rel="noopener noreferrer"
          target="_blank"
        >
          Wiki Page
        </a>
      </div>
      <div
        style="display: flex; flex-direction: column; align-items: center; width: 90%; margin: 10px 0px 10px 0px;"
      >
        <h2
          style="margin: 10px 10px 20px 10px; align-self: flex-start;"
        >
          Tile Data
        </h2>
        <div
          class="options"
        >
          <code
            aria-pressed="false"
            class="togglePretty "
            role="button"
          >
            pretty print
          </code>
        </div>
        <code
          class="code"
          style="white-space: normal;"
        >
          [{"regionId":11850,"regionX":25,"regionY":34,"z":0,"color":"#FFFFFF00"}]
        </code>
      </div>
    </div>
  </div>
  <footer
    class="footer"
  >
    <div
      class="footerItem"
    >
      <p>
        Made by
        <a
          class="link"
          href="https://discord.com/users/167850724976361472"
          rel="noopener noreferrer"
          target="_blank"
        >
          <img
            alt="GitHub"
            data-nimg="1"
            decoding="async"
            height="17"
            loading="lazy"
            src="/_next/image?url=%2Fdiscord.png&w=48&q=75"
            srcset="/_next/image?url=%2Fdiscord.png&w=32&q=75 1x, /_next/image?url=%2Fdiscord.png&w=48&q=75 2x"
            style="color: transparent;"
            width="20"
          />
          <span
            class="linkText"
          >
            Jam#0001
          </span>
        </a>
      </p>
    </div>
    <div
      class="footerItem"
    >
      <a
        class="link"
        href="https://github.com/jamiegyoung/runemarkers"
        rel="noopener noreferrer"
        target="_blank"
      >
        <img
          alt="GitHub"
          data-nimg="1"
          decoding="async"
          height="20"
          loading="lazy"
          src="/_next/image?url=%2Fgithub.png&w=48&q=75"
          srcset="/_next/image?url=%2Fgithub.png&w=32&q=75 1x, /_next/image?url=%2Fgithub.png&w=48&q=75 2x"
          style="color: transparent;"
          width="20"
        />
        <span
          class="linkText"
        >
          contribute code / tiles
        </span>
      </a>
    </div>
  </footer>
</div>
`;
